// Jest Snapshot v1, https://goo.gl/fbAQLP

exports[`the snapshot has not changed 1`] = `
<div
  className="ReactTable"
  style={Object {}}
>
  <div
    className="rt-table"
    role="grid"
  >
    <div
      className="rt-thead -header"
      style={
        Object {
          "minWidth": "700px",
        }
      }
    >
      <div
        className="rt-tr"
        role="row"
      >
        <div
          className="rt-th rt-resizable-header"
          onClick={[Function]}
          role="columnheader"
          style={
            Object {
              "flex": "100 0 auto",
              "maxWidth": null,
              "width": "100px",
            }
          }
          tabIndex="-1"
        >
          <div
            className="rt-resizable-header-content"
          >
            Name
          </div>
          <div
            className="rt-resizer"
            onMouseDown={[Function]}
            onTouchStart={[Function]}
          />
        </div>
        <div
          className="rt-th rt-resizable-header -cursor-pointer"
          onClick={[Function]}
          role="columnheader"
          style={
            Object {
              "flex": "100 0 auto",
              "maxWidth": null,
              "width": "100px",
            }
          }
          tabIndex="-1"
        >
          <div
            className="rt-resizable-header-content"
          >
            <span
              className="icon"
              id="jestSortEmail"
            >
              ↕
            </span>
             Email
          </div>
          <div
            className="rt-resizer"
            onMouseDown={[Function]}
            onTouchStart={[Function]}
          />
        </div>
        <div
          className="rt-th rt-resizable-header -cursor-pointer"
          onClick={[Function]}
          role="columnheader"
          style={
            Object {
              "flex": "100 0 auto",
              "maxWidth": null,
              "width": "100px",
            }
          }
          tabIndex="-1"
        >
          <div
            className="rt-resizable-header-content"
          >
            <span
              className="icon"
            >
              ↕
            </span>
             Phone
          </div>
          <div
            className="rt-resizer"
            onMouseDown={[Function]}
            onTouchStart={[Function]}
          />
        </div>
        <div
          className="rt-th rt-resizable-header"
          onClick={[Function]}
          role="columnheader"
          style={
            Object {
              "flex": "250 0 auto",
              "maxWidth": "250px",
              "width": "250px",
            }
          }
          tabIndex="-1"
        >
          <div
            className="rt-resizable-header-content"
          >
            Address
          </div>
          <div
            className="rt-resizer"
            onMouseDown={[Function]}
            onTouchStart={[Function]}
          />
        </div>
        <div
          className="rt-th rt-resizable-header -cursor-pointer"
          onClick={[Function]}
          role="columnheader"
          style={
            Object {
              "flex": "100 0 auto",
              "maxWidth": null,
              "width": "100px",
            }
          }
          tabIndex="-1"
        >
          <div
            className="rt-resizable-header-content"
          >
            <span
              className="icon"
            >
              ↕
            </span>
             Status
          </div>
          <div
            className="rt-resizer"
            onMouseDown={[Function]}
            onTouchStart={[Function]}
          />
        </div>
        <div
          className="rt-th rt-resizable-header"
          onClick={[Function]}
          role="columnheader"
          style={
            Object {
              "flex": "50 0 auto",
              "maxWidth": "50px",
              "width": "50px",
            }
          }
          tabIndex="-1"
        >
          <div
            className="rt-resizable-header-content"
          >
            
          </div>
          <div
            className="rt-resizer"
            onMouseDown={[Function]}
            onTouchStart={[Function]}
          />
        </div>
      </div>
    </div>
    <div
      className="rt-tbody"
      style={
        Object {
          "minWidth": "700px",
        }
      }
    >
      <div
        className="rt-tr-group"
        role="rowgroup"
      >
        <div
          className="rt-tr -odd"
          role="row"
        >
          <div
            className="rt-td"
            onClick={[Function]}
            role="gridcell"
            style={
              Object {
                "flex": "100 0 auto",
                "maxWidth": null,
                "width": "100px",
              }
            }
          >
            john smith
          </div>
          <div
            className="rt-td"
            onClick={[Function]}
            role="gridcell"
            style={
              Object {
                "flex": "100 0 auto",
                "maxWidth": null,
                "width": "100px",
              }
            }
          >
            <a
              href="mailto:john@smith.com"
            >
              john@smith.com
            </a>
          </div>
          <div
            className="rt-td"
            onClick={[Function]}
            role="gridcell"
            style={
              Object {
                "flex": "100 0 auto",
                "maxWidth": null,
                "width": "100px",
              }
            }
          >
            111-111-1111
          </div>
          <div
            className="rt-td"
            onClick={[Function]}
            role="gridcell"
            style={
              Object {
                "flex": "250 0 auto",
                "maxWidth": "250px",
                "width": "250px",
              }
            }
          >
            123 e main Bozeman, MT 59715
          </div>
          <div
            className="rt-td"
            onClick={[Function]}
            role="gridcell"
            style={
              Object {
                "flex": "100 0 auto",
                "maxWidth": null,
                "width": "100px",
              }
            }
          >
            <span
              className="grey"
            >
              Inactive
            </span>
          </div>
          <div
            className="rt-td"
            onClick={[Function]}
            role="gridcell"
            style={
              Object {
                "flex": "50 0 auto",
                "maxWidth": "50px",
                "width": "50px",
              }
            }
          >
            <div
              className="pointer"
              onClick={[Function]}
            >
              <svg
                className="icon blue small"
                height="24"
                id="jestPatchEmployee"
                style={
                  Object {
                    "height": "undefinedpx",
                  }
                }
                viewBox="0 0 24 24"
                width="24"
                xmlns="http://www.w3.org/2000/svg"
              >
                <path
                  d="M12 2c5.514 0 10 4.486 10 10s-4.486 10-10 10-10-4.486-10-10 4.486-10 10-10zm0-2c-6.627 0-12 5.373-12 12s5.373 12 12 12 12-5.373 12-12-5.373-12-12-12zm6 13h-5v5h-2v-5h-5v-2h5v-5h2v5h5v2z"
                />
              </svg>
            </div>
          </div>
        </div>
      </div>
      <div
        className="rt-tr-group"
        role="rowgroup"
      >
        <div
          className="rt-tr -even"
          role="row"
        >
          <div
            className="rt-td"
            onClick={[Function]}
            role="gridcell"
            style={
              Object {
                "flex": "100 0 auto",
                "maxWidth": null,
                "width": "100px",
              }
            }
          >
            jane smith
          </div>
          <div
            className="rt-td"
            onClick={[Function]}
            role="gridcell"
            style={
              Object {
                "flex": "100 0 auto",
                "maxWidth": null,
                "width": "100px",
              }
            }
          >
            <a
              href="mailto:jane@smith.com"
            >
              jane@smith.com
            </a>
          </div>
          <div
            className="rt-td"
            onClick={[Function]}
            role="gridcell"
            style={
              Object {
                "flex": "100 0 auto",
                "maxWidth": null,
                "width": "100px",
              }
            }
          >
            111-111-1111
          </div>
          <div
            className="rt-td"
            onClick={[Function]}
            role="gridcell"
            style={
              Object {
                "flex": "250 0 auto",
                "maxWidth": "250px",
                "width": "250px",
              }
            }
          >
            123 e main Bozeman, MT 59715
          </div>
          <div
            className="rt-td"
            onClick={[Function]}
            role="gridcell"
            style={
              Object {
                "flex": "100 0 auto",
                "maxWidth": null,
                "width": "100px",
              }
            }
          >
            <span
              className="blue bold"
            >
              Active
            </span>
          </div>
          <div
            className="rt-td"
            onClick={[Function]}
            role="gridcell"
            style={
              Object {
                "flex": "50 0 auto",
                "maxWidth": "50px",
                "width": "50px",
              }
            }
          >
            <div
              className="pointer"
              onClick={[Function]}
            >
              <svg
                className="icon red small"
                height="24"
                id="jestDeleteEmployee"
                viewBox="0 0 24 24"
                width="24"
                xmlns="http://www.w3.org/2000/svg"
              >
                <path
                  d="M12 2c5.514 0 10 4.486 10 10s-4.486 10-10 10-10-4.486-10-10 4.486-10 10-10zm0-2c-6.627 0-12 5.373-12 12s5.373 12 12 12 12-5.373 12-12-5.373-12-12-12zm6 16.094l-4.157-4.104 4.1-4.141-1.849-1.849-4.105 4.159-4.156-4.102-1.833 1.834 4.161 4.12-4.104 4.157 1.834 1.832 4.118-4.159 4.143 4.102 1.848-1.849z"
                />
              </svg>
            </div>
          </div>
        </div>
      </div>
      <div
        className="rt-tr-group"
        role="rowgroup"
      >
        <div
          className="rt-tr -padRow -odd"
          role="row"
          style={Object {}}
        >
          <div
            className="rt-td"
            role="gridcell"
            style={
              Object {
                "flex": "100 0 auto",
                "maxWidth": null,
                "width": "100px",
              }
            }
          >
            <span>
               
            </span>
          </div>
          <div
            className="rt-td"
            role="gridcell"
            style={
              Object {
                "flex": "100 0 auto",
                "maxWidth": null,
                "width": "100px",
              }
            }
          >
            <span>
               
            </span>
          </div>
          <div
            className="rt-td"
            role="gridcell"
            style={
              Object {
                "flex": "100 0 auto",
                "maxWidth": null,
                "width": "100px",
              }
            }
          >
            <span>
               
            </span>
          </div>
          <div
            className="rt-td"
            role="gridcell"
            style={
              Object {
                "flex": "250 0 auto",
                "maxWidth": "250px",
                "width": "250px",
              }
            }
          >
            <span>
               
            </span>
          </div>
          <div
            className="rt-td"
            role="gridcell"
            style={
              Object {
                "flex": "100 0 auto",
                "maxWidth": null,
                "width": "100px",
              }
            }
          >
            <span>
               
            </span>
          </div>
          <div
            className="rt-td"
            role="gridcell"
            style={
              Object {
                "flex": "50 0 auto",
                "maxWidth": "50px",
                "width": "50px",
              }
            }
          >
            <span>
               
            </span>
          </div>
        </div>
      </div>
      <div
        className="rt-tr-group"
        role="rowgroup"
      >
        <div
          className="rt-tr -padRow -even"
          role="row"
          style={Object {}}
        >
          <div
            className="rt-td"
            role="gridcell"
            style={
              Object {
                "flex": "100 0 auto",
                "maxWidth": null,
                "width": "100px",
              }
            }
          >
            <span>
               
            </span>
          </div>
          <div
            className="rt-td"
            role="gridcell"
            style={
              Object {
                "flex": "100 0 auto",
                "maxWidth": null,
                "width": "100px",
              }
            }
          >
            <span>
               
            </span>
          </div>
          <div
            className="rt-td"
            role="gridcell"
            style={
              Object {
                "flex": "100 0 auto",
                "maxWidth": null,
                "width": "100px",
              }
            }
          >
            <span>
               
            </span>
          </div>
          <div
            className="rt-td"
            role="gridcell"
            style={
              Object {
                "flex": "250 0 auto",
                "maxWidth": "250px",
                "width": "250px",
              }
            }
          >
            <span>
               
            </span>
          </div>
          <div
            className="rt-td"
            role="gridcell"
            style={
              Object {
                "flex": "100 0 auto",
                "maxWidth": null,
                "width": "100px",
              }
            }
          >
            <span>
               
            </span>
          </div>
          <div
            className="rt-td"
            role="gridcell"
            style={
              Object {
                "flex": "50 0 auto",
                "maxWidth": "50px",
                "width": "50px",
              }
            }
          >
            <span>
               
            </span>
          </div>
        </div>
      </div>
      <div
        className="rt-tr-group"
        role="rowgroup"
      >
        <div
          className="rt-tr -padRow -odd"
          role="row"
          style={Object {}}
        >
          <div
            className="rt-td"
            role="gridcell"
            style={
              Object {
                "flex": "100 0 auto",
                "maxWidth": null,
                "width": "100px",
              }
            }
          >
            <span>
               
            </span>
          </div>
          <div
            className="rt-td"
            role="gridcell"
            style={
              Object {
                "flex": "100 0 auto",
                "maxWidth": null,
                "width": "100px",
              }
            }
          >
            <span>
               
            </span>
          </div>
          <div
            className="rt-td"
            role="gridcell"
            style={
              Object {
                "flex": "100 0 auto",
                "maxWidth": null,
                "width": "100px",
              }
            }
          >
            <span>
               
            </span>
          </div>
          <div
            className="rt-td"
            role="gridcell"
            style={
              Object {
                "flex": "250 0 auto",
                "maxWidth": "250px",
                "width": "250px",
              }
            }
          >
            <span>
               
            </span>
          </div>
          <div
            className="rt-td"
            role="gridcell"
            style={
              Object {
                "flex": "100 0 auto",
                "maxWidth": null,
                "width": "100px",
              }
            }
          >
            <span>
               
            </span>
          </div>
          <div
            className="rt-td"
            role="gridcell"
            style={
              Object {
                "flex": "50 0 auto",
                "maxWidth": "50px",
                "width": "50px",
              }
            }
          >
            <span>
               
            </span>
          </div>
        </div>
      </div>
      <div
        className="rt-tr-group"
        role="rowgroup"
      >
        <div
          className="rt-tr -padRow -even"
          role="row"
          style={Object {}}
        >
          <div
            className="rt-td"
            role="gridcell"
            style={
              Object {
                "flex": "100 0 auto",
                "maxWidth": null,
                "width": "100px",
              }
            }
          >
            <span>
               
            </span>
          </div>
          <div
            className="rt-td"
            role="gridcell"
            style={
              Object {
                "flex": "100 0 auto",
                "maxWidth": null,
                "width": "100px",
              }
            }
          >
            <span>
               
            </span>
          </div>
          <div
            className="rt-td"
            role="gridcell"
            style={
              Object {
                "flex": "100 0 auto",
                "maxWidth": null,
                "width": "100px",
              }
            }
          >
            <span>
               
            </span>
          </div>
          <div
            className="rt-td"
            role="gridcell"
            style={
              Object {
                "flex": "250 0 auto",
                "maxWidth": "250px",
                "width": "250px",
              }
            }
          >
            <span>
               
            </span>
          </div>
          <div
            className="rt-td"
            role="gridcell"
            style={
              Object {
                "flex": "100 0 auto",
                "maxWidth": null,
                "width": "100px",
              }
            }
          >
            <span>
               
            </span>
          </div>
          <div
            className="rt-td"
            role="gridcell"
            style={
              Object {
                "flex": "50 0 auto",
                "maxWidth": "50px",
                "width": "50px",
              }
            }
          >
            <span>
               
            </span>
          </div>
        </div>
      </div>
      <div
        className="rt-tr-group"
        role="rowgroup"
      >
        <div
          className="rt-tr -padRow -odd"
          role="row"
          style={Object {}}
        >
          <div
            className="rt-td"
            role="gridcell"
            style={
              Object {
                "flex": "100 0 auto",
                "maxWidth": null,
                "width": "100px",
              }
            }
          >
            <span>
               
            </span>
          </div>
          <div
            className="rt-td"
            role="gridcell"
            style={
              Object {
                "flex": "100 0 auto",
                "maxWidth": null,
                "width": "100px",
              }
            }
          >
            <span>
               
            </span>
          </div>
          <div
            className="rt-td"
            role="gridcell"
            style={
              Object {
                "flex": "100 0 auto",
                "maxWidth": null,
                "width": "100px",
              }
            }
          >
            <span>
               
            </span>
          </div>
          <div
            className="rt-td"
            role="gridcell"
            style={
              Object {
                "flex": "250 0 auto",
                "maxWidth": "250px",
                "width": "250px",
              }
            }
          >
            <span>
               
            </span>
          </div>
          <div
            className="rt-td"
            role="gridcell"
            style={
              Object {
                "flex": "100 0 auto",
                "maxWidth": null,
                "width": "100px",
              }
            }
          >
            <span>
               
            </span>
          </div>
          <div
            className="rt-td"
            role="gridcell"
            style={
              Object {
                "flex": "50 0 auto",
                "maxWidth": "50px",
                "width": "50px",
              }
            }
          >
            <span>
               
            </span>
          </div>
        </div>
      </div>
      <div
        className="rt-tr-group"
        role="rowgroup"
      >
        <div
          className="rt-tr -padRow -even"
          role="row"
          style={Object {}}
        >
          <div
            className="rt-td"
            role="gridcell"
            style={
              Object {
                "flex": "100 0 auto",
                "maxWidth": null,
                "width": "100px",
              }
            }
          >
            <span>
               
            </span>
          </div>
          <div
            className="rt-td"
            role="gridcell"
            style={
              Object {
                "flex": "100 0 auto",
                "maxWidth": null,
                "width": "100px",
              }
            }
          >
            <span>
               
            </span>
          </div>
          <div
            className="rt-td"
            role="gridcell"
            style={
              Object {
                "flex": "100 0 auto",
                "maxWidth": null,
                "width": "100px",
              }
            }
          >
            <span>
               
            </span>
          </div>
          <div
            className="rt-td"
            role="gridcell"
            style={
              Object {
                "flex": "250 0 auto",
                "maxWidth": "250px",
                "width": "250px",
              }
            }
          >
            <span>
               
            </span>
          </div>
          <div
            className="rt-td"
            role="gridcell"
            style={
              Object {
                "flex": "100 0 auto",
                "maxWidth": null,
                "width": "100px",
              }
            }
          >
            <span>
               
            </span>
          </div>
          <div
            className="rt-td"
            role="gridcell"
            style={
              Object {
                "flex": "50 0 auto",
                "maxWidth": "50px",
                "width": "50px",
              }
            }
          >
            <span>
               
            </span>
          </div>
        </div>
      </div>
      <div
        className="rt-tr-group"
        role="rowgroup"
      >
        <div
          className="rt-tr -padRow -odd"
          role="row"
          style={Object {}}
        >
          <div
            className="rt-td"
            role="gridcell"
            style={
              Object {
                "flex": "100 0 auto",
                "maxWidth": null,
                "width": "100px",
              }
            }
          >
            <span>
               
            </span>
          </div>
          <div
            className="rt-td"
            role="gridcell"
            style={
              Object {
                "flex": "100 0 auto",
                "maxWidth": null,
                "width": "100px",
              }
            }
          >
            <span>
               
            </span>
          </div>
          <div
            className="rt-td"
            role="gridcell"
            style={
              Object {
                "flex": "100 0 auto",
                "maxWidth": null,
                "width": "100px",
              }
            }
          >
            <span>
               
            </span>
          </div>
          <div
            className="rt-td"
            role="gridcell"
            style={
              Object {
                "flex": "250 0 auto",
                "maxWidth": "250px",
                "width": "250px",
              }
            }
          >
            <span>
               
            </span>
          </div>
          <div
            className="rt-td"
            role="gridcell"
            style={
              Object {
                "flex": "100 0 auto",
                "maxWidth": null,
                "width": "100px",
              }
            }
          >
            <span>
               
            </span>
          </div>
          <div
            className="rt-td"
            role="gridcell"
            style={
              Object {
                "flex": "50 0 auto",
                "maxWidth": "50px",
                "width": "50px",
              }
            }
          >
            <span>
               
            </span>
          </div>
        </div>
      </div>
      <div
        className="rt-tr-group"
        role="rowgroup"
      >
        <div
          className="rt-tr -padRow -even"
          role="row"
          style={Object {}}
        >
          <div
            className="rt-td"
            role="gridcell"
            style={
              Object {
                "flex": "100 0 auto",
                "maxWidth": null,
                "width": "100px",
              }
            }
          >
            <span>
               
            </span>
          </div>
          <div
            className="rt-td"
            role="gridcell"
            style={
              Object {
                "flex": "100 0 auto",
                "maxWidth": null,
                "width": "100px",
              }
            }
          >
            <span>
               
            </span>
          </div>
          <div
            className="rt-td"
            role="gridcell"
            style={
              Object {
                "flex": "100 0 auto",
                "maxWidth": null,
                "width": "100px",
              }
            }
          >
            <span>
               
            </span>
          </div>
          <div
            className="rt-td"
            role="gridcell"
            style={
              Object {
                "flex": "250 0 auto",
                "maxWidth": "250px",
                "width": "250px",
              }
            }
          >
            <span>
               
            </span>
          </div>
          <div
            className="rt-td"
            role="gridcell"
            style={
              Object {
                "flex": "100 0 auto",
                "maxWidth": null,
                "width": "100px",
              }
            }
          >
            <span>
               
            </span>
          </div>
          <div
            className="rt-td"
            role="gridcell"
            style={
              Object {
                "flex": "50 0 auto",
                "maxWidth": "50px",
                "width": "50px",
              }
            }
          >
            <span>
               
            </span>
          </div>
        </div>
      </div>
      <div
        className="rt-tr-group"
        role="rowgroup"
      >
        <div
          className="rt-tr -padRow -odd"
          role="row"
          style={Object {}}
        >
          <div
            className="rt-td"
            role="gridcell"
            style={
              Object {
                "flex": "100 0 auto",
                "maxWidth": null,
                "width": "100px",
              }
            }
          >
            <span>
               
            </span>
          </div>
          <div
            className="rt-td"
            role="gridcell"
            style={
              Object {
                "flex": "100 0 auto",
                "maxWidth": null,
                "width": "100px",
              }
            }
          >
            <span>
               
            </span>
          </div>
          <div
            className="rt-td"
            role="gridcell"
            style={
              Object {
                "flex": "100 0 auto",
                "maxWidth": null,
                "width": "100px",
              }
            }
          >
            <span>
               
            </span>
          </div>
          <div
            className="rt-td"
            role="gridcell"
            style={
              Object {
                "flex": "250 0 auto",
                "maxWidth": "250px",
                "width": "250px",
              }
            }
          >
            <span>
               
            </span>
          </div>
          <div
            className="rt-td"
            role="gridcell"
            style={
              Object {
                "flex": "100 0 auto",
                "maxWidth": null,
                "width": "100px",
              }
            }
          >
            <span>
               
            </span>
          </div>
          <div
            className="rt-td"
            role="gridcell"
            style={
              Object {
                "flex": "50 0 auto",
                "maxWidth": "50px",
                "width": "50px",
              }
            }
          >
            <span>
               
            </span>
          </div>
        </div>
      </div>
      <div
        className="rt-tr-group"
        role="rowgroup"
      >
        <div
          className="rt-tr -padRow -even"
          role="row"
          style={Object {}}
        >
          <div
            className="rt-td"
            role="gridcell"
            style={
              Object {
                "flex": "100 0 auto",
                "maxWidth": null,
                "width": "100px",
              }
            }
          >
            <span>
               
            </span>
          </div>
          <div
            className="rt-td"
            role="gridcell"
            style={
              Object {
                "flex": "100 0 auto",
                "maxWidth": null,
                "width": "100px",
              }
            }
          >
            <span>
               
            </span>
          </div>
          <div
            className="rt-td"
            role="gridcell"
            style={
              Object {
                "flex": "100 0 auto",
                "maxWidth": null,
                "width": "100px",
              }
            }
          >
            <span>
               
            </span>
          </div>
          <div
            className="rt-td"
            role="gridcell"
            style={
              Object {
                "flex": "250 0 auto",
                "maxWidth": "250px",
                "width": "250px",
              }
            }
          >
            <span>
               
            </span>
          </div>
          <div
            className="rt-td"
            role="gridcell"
            style={
              Object {
                "flex": "100 0 auto",
                "maxWidth": null,
                "width": "100px",
              }
            }
          >
            <span>
               
            </span>
          </div>
          <div
            className="rt-td"
            role="gridcell"
            style={
              Object {
                "flex": "50 0 auto",
                "maxWidth": "50px",
                "width": "50px",
              }
            }
          >
            <span>
               
            </span>
          </div>
        </div>
      </div>
      <div
        className="rt-tr-group"
        role="rowgroup"
      >
        <div
          className="rt-tr -padRow -odd"
          role="row"
          style={Object {}}
        >
          <div
            className="rt-td"
            role="gridcell"
            style={
              Object {
                "flex": "100 0 auto",
                "maxWidth": null,
                "width": "100px",
              }
            }
          >
            <span>
               
            </span>
          </div>
          <div
            className="rt-td"
            role="gridcell"
            style={
              Object {
                "flex": "100 0 auto",
                "maxWidth": null,
                "width": "100px",
              }
            }
          >
            <span>
               
            </span>
          </div>
          <div
            className="rt-td"
            role="gridcell"
            style={
              Object {
                "flex": "100 0 auto",
                "maxWidth": null,
                "width": "100px",
              }
            }
          >
            <span>
               
            </span>
          </div>
          <div
            className="rt-td"
            role="gridcell"
            style={
              Object {
                "flex": "250 0 auto",
                "maxWidth": "250px",
                "width": "250px",
              }
            }
          >
            <span>
               
            </span>
          </div>
          <div
            className="rt-td"
            role="gridcell"
            style={
              Object {
                "flex": "100 0 auto",
                "maxWidth": null,
                "width": "100px",
              }
            }
          >
            <span>
               
            </span>
          </div>
          <div
            className="rt-td"
            role="gridcell"
            style={
              Object {
                "flex": "50 0 auto",
                "maxWidth": "50px",
                "width": "50px",
              }
            }
          >
            <span>
               
            </span>
          </div>
        </div>
      </div>
      <div
        className="rt-tr-group"
        role="rowgroup"
      >
        <div
          className="rt-tr -padRow -even"
          role="row"
          style={Object {}}
        >
          <div
            className="rt-td"
            role="gridcell"
            style={
              Object {
                "flex": "100 0 auto",
                "maxWidth": null,
                "width": "100px",
              }
            }
          >
            <span>
               
            </span>
          </div>
          <div
            className="rt-td"
            role="gridcell"
            style={
              Object {
                "flex": "100 0 auto",
                "maxWidth": null,
                "width": "100px",
              }
            }
          >
            <span>
               
            </span>
          </div>
          <div
            className="rt-td"
            role="gridcell"
            style={
              Object {
                "flex": "100 0 auto",
                "maxWidth": null,
                "width": "100px",
              }
            }
          >
            <span>
               
            </span>
          </div>
          <div
            className="rt-td"
            role="gridcell"
            style={
              Object {
                "flex": "250 0 auto",
                "maxWidth": "250px",
                "width": "250px",
              }
            }
          >
            <span>
               
            </span>
          </div>
          <div
            className="rt-td"
            role="gridcell"
            style={
              Object {
                "flex": "100 0 auto",
                "maxWidth": null,
                "width": "100px",
              }
            }
          >
            <span>
               
            </span>
          </div>
          <div
            className="rt-td"
            role="gridcell"
            style={
              Object {
                "flex": "50 0 auto",
                "maxWidth": "50px",
                "width": "50px",
              }
            }
          >
            <span>
               
            </span>
          </div>
        </div>
      </div>
      <div
        className="rt-tr-group"
        role="rowgroup"
      >
        <div
          className="rt-tr -padRow -odd"
          role="row"
          style={Object {}}
        >
          <div
            className="rt-td"
            role="gridcell"
            style={
              Object {
                "flex": "100 0 auto",
                "maxWidth": null,
                "width": "100px",
              }
            }
          >
            <span>
               
            </span>
          </div>
          <div
            className="rt-td"
            role="gridcell"
            style={
              Object {
                "flex": "100 0 auto",
                "maxWidth": null,
                "width": "100px",
              }
            }
          >
            <span>
               
            </span>
          </div>
          <div
            className="rt-td"
            role="gridcell"
            style={
              Object {
                "flex": "100 0 auto",
                "maxWidth": null,
                "width": "100px",
              }
            }
          >
            <span>
               
            </span>
          </div>
          <div
            className="rt-td"
            role="gridcell"
            style={
              Object {
                "flex": "250 0 auto",
                "maxWidth": "250px",
                "width": "250px",
              }
            }
          >
            <span>
               
            </span>
          </div>
          <div
            className="rt-td"
            role="gridcell"
            style={
              Object {
                "flex": "100 0 auto",
                "maxWidth": null,
                "width": "100px",
              }
            }
          >
            <span>
               
            </span>
          </div>
          <div
            className="rt-td"
            role="gridcell"
            style={
              Object {
                "flex": "50 0 auto",
                "maxWidth": "50px",
                "width": "50px",
              }
            }
          >
            <span>
               
            </span>
          </div>
        </div>
      </div>
      <div
        className="rt-tr-group"
        role="rowgroup"
      >
        <div
          className="rt-tr -padRow -even"
          role="row"
          style={Object {}}
        >
          <div
            className="rt-td"
            role="gridcell"
            style={
              Object {
                "flex": "100 0 auto",
                "maxWidth": null,
                "width": "100px",
              }
            }
          >
            <span>
               
            </span>
          </div>
          <div
            className="rt-td"
            role="gridcell"
            style={
              Object {
                "flex": "100 0 auto",
                "maxWidth": null,
                "width": "100px",
              }
            }
          >
            <span>
               
            </span>
          </div>
          <div
            className="rt-td"
            role="gridcell"
            style={
              Object {
                "flex": "100 0 auto",
                "maxWidth": null,
                "width": "100px",
              }
            }
          >
            <span>
               
            </span>
          </div>
          <div
            className="rt-td"
            role="gridcell"
            style={
              Object {
                "flex": "250 0 auto",
                "maxWidth": "250px",
                "width": "250px",
              }
            }
          >
            <span>
               
            </span>
          </div>
          <div
            className="rt-td"
            role="gridcell"
            style={
              Object {
                "flex": "100 0 auto",
                "maxWidth": null,
                "width": "100px",
              }
            }
          >
            <span>
               
            </span>
          </div>
          <div
            className="rt-td"
            role="gridcell"
            style={
              Object {
                "flex": "50 0 auto",
                "maxWidth": "50px",
                "width": "50px",
              }
            }
          >
            <span>
               
            </span>
          </div>
        </div>
      </div>
      <div
        className="rt-tr-group"
        role="rowgroup"
      >
        <div
          className="rt-tr -padRow -odd"
          role="row"
          style={Object {}}
        >
          <div
            className="rt-td"
            role="gridcell"
            style={
              Object {
                "flex": "100 0 auto",
                "maxWidth": null,
                "width": "100px",
              }
            }
          >
            <span>
               
            </span>
          </div>
          <div
            className="rt-td"
            role="gridcell"
            style={
              Object {
                "flex": "100 0 auto",
                "maxWidth": null,
                "width": "100px",
              }
            }
          >
            <span>
               
            </span>
          </div>
          <div
            className="rt-td"
            role="gridcell"
            style={
              Object {
                "flex": "100 0 auto",
                "maxWidth": null,
                "width": "100px",
              }
            }
          >
            <span>
               
            </span>
          </div>
          <div
            className="rt-td"
            role="gridcell"
            style={
              Object {
                "flex": "250 0 auto",
                "maxWidth": "250px",
                "width": "250px",
              }
            }
          >
            <span>
               
            </span>
          </div>
          <div
            className="rt-td"
            role="gridcell"
            style={
              Object {
                "flex": "100 0 auto",
                "maxWidth": null,
                "width": "100px",
              }
            }
          >
            <span>
               
            </span>
          </div>
          <div
            className="rt-td"
            role="gridcell"
            style={
              Object {
                "flex": "50 0 auto",
                "maxWidth": "50px",
                "width": "50px",
              }
            }
          >
            <span>
               
            </span>
          </div>
        </div>
      </div>
      <div
        className="rt-tr-group"
        role="rowgroup"
      >
        <div
          className="rt-tr -padRow -even"
          role="row"
          style={Object {}}
        >
          <div
            className="rt-td"
            role="gridcell"
            style={
              Object {
                "flex": "100 0 auto",
                "maxWidth": null,
                "width": "100px",
              }
            }
          >
            <span>
               
            </span>
          </div>
          <div
            className="rt-td"
            role="gridcell"
            style={
              Object {
                "flex": "100 0 auto",
                "maxWidth": null,
                "width": "100px",
              }
            }
          >
            <span>
               
            </span>
          </div>
          <div
            className="rt-td"
            role="gridcell"
            style={
              Object {
                "flex": "100 0 auto",
                "maxWidth": null,
                "width": "100px",
              }
            }
          >
            <span>
               
            </span>
          </div>
          <div
            className="rt-td"
            role="gridcell"
            style={
              Object {
                "flex": "250 0 auto",
                "maxWidth": "250px",
                "width": "250px",
              }
            }
          >
            <span>
               
            </span>
          </div>
          <div
            className="rt-td"
            role="gridcell"
            style={
              Object {
                "flex": "100 0 auto",
                "maxWidth": null,
                "width": "100px",
              }
            }
          >
            <span>
               
            </span>
          </div>
          <div
            className="rt-td"
            role="gridcell"
            style={
              Object {
                "flex": "50 0 auto",
                "maxWidth": "50px",
                "width": "50px",
              }
            }
          >
            <span>
               
            </span>
          </div>
        </div>
      </div>
      <div
        className="rt-tr-group"
        role="rowgroup"
      >
        <div
          className="rt-tr -padRow -odd"
          role="row"
          style={Object {}}
        >
          <div
            className="rt-td"
            role="gridcell"
            style={
              Object {
                "flex": "100 0 auto",
                "maxWidth": null,
                "width": "100px",
              }
            }
          >
            <span>
               
            </span>
          </div>
          <div
            className="rt-td"
            role="gridcell"
            style={
              Object {
                "flex": "100 0 auto",
                "maxWidth": null,
                "width": "100px",
              }
            }
          >
            <span>
               
            </span>
          </div>
          <div
            className="rt-td"
            role="gridcell"
            style={
              Object {
                "flex": "100 0 auto",
                "maxWidth": null,
                "width": "100px",
              }
            }
          >
            <span>
               
            </span>
          </div>
          <div
            className="rt-td"
            role="gridcell"
            style={
              Object {
                "flex": "250 0 auto",
                "maxWidth": "250px",
                "width": "250px",
              }
            }
          >
            <span>
               
            </span>
          </div>
          <div
            className="rt-td"
            role="gridcell"
            style={
              Object {
                "flex": "100 0 auto",
                "maxWidth": null,
                "width": "100px",
              }
            }
          >
            <span>
               
            </span>
          </div>
          <div
            className="rt-td"
            role="gridcell"
            style={
              Object {
                "flex": "50 0 auto",
                "maxWidth": "50px",
                "width": "50px",
              }
            }
          >
            <span>
               
            </span>
          </div>
        </div>
      </div>
      <div
        className="rt-tr-group"
        role="rowgroup"
      >
        <div
          className="rt-tr -padRow -even"
          role="row"
          style={Object {}}
        >
          <div
            className="rt-td"
            role="gridcell"
            style={
              Object {
                "flex": "100 0 auto",
                "maxWidth": null,
                "width": "100px",
              }
            }
          >
            <span>
               
            </span>
          </div>
          <div
            className="rt-td"
            role="gridcell"
            style={
              Object {
                "flex": "100 0 auto",
                "maxWidth": null,
                "width": "100px",
              }
            }
          >
            <span>
               
            </span>
          </div>
          <div
            className="rt-td"
            role="gridcell"
            style={
              Object {
                "flex": "100 0 auto",
                "maxWidth": null,
                "width": "100px",
              }
            }
          >
            <span>
               
            </span>
          </div>
          <div
            className="rt-td"
            role="gridcell"
            style={
              Object {
                "flex": "250 0 auto",
                "maxWidth": "250px",
                "width": "250px",
              }
            }
          >
            <span>
               
            </span>
          </div>
          <div
            className="rt-td"
            role="gridcell"
            style={
              Object {
                "flex": "100 0 auto",
                "maxWidth": null,
                "width": "100px",
              }
            }
          >
            <span>
               
            </span>
          </div>
          <div
            className="rt-td"
            role="gridcell"
            style={
              Object {
                "flex": "50 0 auto",
                "maxWidth": "50px",
                "width": "50px",
              }
            }
          >
            <span>
               
            </span>
          </div>
        </div>
      </div>
    </div>
  </div>
  <div
    className="-loading"
  >
    <div
      className="-loading-inner"
    >
      Loading...
    </div>
  </div>
</div>
`;
